// Jest Snapshot v1, https://goo.gl/fbAQLP

exports[`We can check if Families component called the class constructor 1`] = `
ShallowWrapper {
  Symbol(enzyme.__root__): [Circular],
  Symbol(enzyme.__unrendered__): <Families />,
  Symbol(enzyme.__renderer__): Object {
    "batchedUpdates": [Function],
    "getNode": [Function],
    "render": [Function],
    "simulateError": [Function],
    "simulateEvent": [Function],
    "unmount": [Function],
  },
  Symbol(enzyme.__node__): Object {
    "instance": null,
    "key": undefined,
    "nodeType": "host",
    "props": Object {
      "children": Array [
        undefined,
        <div
          className="grid row"
        >
          <div
            className="col"
          >
            <h1
              className="text-center"
            />
            <h2
              className="text-center"
            />
          </div>
        </div>,
        <ul
          className="nav-families nav nav-pills mb-3"
          id="pills-tab"
          role="tablist"
        />,
      ],
    },
    "ref": null,
    "rendered": Array [
      undefined,
      Object {
        "instance": null,
        "key": undefined,
        "nodeType": "host",
        "props": Object {
          "children": <div
            className="col"
          >
            <h1
              className="text-center"
            />
            <h2
              className="text-center"
            />
          </div>,
          "className": "grid row",
        },
        "ref": null,
        "rendered": Object {
          "instance": null,
          "key": undefined,
          "nodeType": "host",
          "props": Object {
            "children": Array [
              <h1
                className="text-center"
              />,
              <h2
                className="text-center"
              />,
            ],
            "className": "col",
          },
          "ref": null,
          "rendered": Array [
            Object {
              "instance": null,
              "key": undefined,
              "nodeType": "host",
              "props": Object {
                "children": undefined,
                "className": "text-center",
              },
              "ref": null,
              "rendered": null,
              "type": "h1",
            },
            Object {
              "instance": null,
              "key": undefined,
              "nodeType": "host",
              "props": Object {
                "children": undefined,
                "className": "text-center",
              },
              "ref": null,
              "rendered": null,
              "type": "h2",
            },
          ],
          "type": "div",
        },
        "type": "div",
      },
      Object {
        "instance": null,
        "key": undefined,
        "nodeType": "host",
        "props": Object {
          "children": undefined,
          "className": "nav-families nav nav-pills mb-3",
          "id": "pills-tab",
          "role": "tablist",
        },
        "ref": null,
        "rendered": null,
        "type": "ul",
      },
    ],
    "type": "span",
  },
  Symbol(enzyme.__nodes__): Array [
    Object {
      "instance": null,
      "key": undefined,
      "nodeType": "host",
      "props": Object {
        "children": Array [
          undefined,
          <div
            className="grid row"
          >
            <div
              className="col"
            >
              <h1
                className="text-center"
              />
              <h2
                className="text-center"
              />
            </div>
          </div>,
          <ul
            className="nav-families nav nav-pills mb-3"
            id="pills-tab"
            role="tablist"
          />,
        ],
      },
      "ref": null,
      "rendered": Array [
        undefined,
        Object {
          "instance": null,
          "key": undefined,
          "nodeType": "host",
          "props": Object {
            "children": <div
              className="col"
            >
              <h1
                className="text-center"
              />
              <h2
                className="text-center"
              />
            </div>,
            "className": "grid row",
          },
          "ref": null,
          "rendered": Object {
            "instance": null,
            "key": undefined,
            "nodeType": "host",
            "props": Object {
              "children": Array [
                <h1
                  className="text-center"
                />,
                <h2
                  className="text-center"
                />,
              ],
              "className": "col",
            },
            "ref": null,
            "rendered": Array [
              Object {
                "instance": null,
                "key": undefined,
                "nodeType": "host",
                "props": Object {
                  "children": undefined,
                  "className": "text-center",
                },
                "ref": null,
                "rendered": null,
                "type": "h1",
              },
              Object {
                "instance": null,
                "key": undefined,
                "nodeType": "host",
                "props": Object {
                  "children": undefined,
                  "className": "text-center",
                },
                "ref": null,
                "rendered": null,
                "type": "h2",
              },
            ],
            "type": "div",
          },
          "type": "div",
        },
        Object {
          "instance": null,
          "key": undefined,
          "nodeType": "host",
          "props": Object {
            "children": undefined,
            "className": "nav-families nav nav-pills mb-3",
            "id": "pills-tab",
            "role": "tablist",
          },
          "ref": null,
          "rendered": null,
          "type": "ul",
        },
      ],
      "type": "span",
    },
  ],
  Symbol(enzyme.__options__): Object {
    "adapter": ReactSixteenAdapter {
      "options": Object {
        "enableComponentDidUpdateOnSetState": true,
        "lifecycles": Object {
          "componentDidUpdate": Object {
            "onSetState": true,
          },
          "getDerivedStateFromProps": true,
          "getSnapshotBeforeUpdate": true,
          "setState": Object {
            "skipsComponentDidUpdateOnNullish": true,
          },
        },
      },
    },
  },
}
`;
