// Jest Snapshot v1, https://goo.gl/fbAQLP

exports[`<home /> We can check if Home component called the class constructor 1`] = `ShallowWrapper {}`;
