// Jest Snapshot v1, https://goo.gl/fbAQLP

exports[`We can check if Login component called the class constructor 1`] = `ShallowWrapper {}`;
