// Jest Snapshot v1, https://goo.gl/fbAQLP

exports[`<Navbar /> dispatches event to show navbar data 1`] = `ShallowWrapper {}`;
