// Jest Snapshot v1, https://goo.gl/fbAQLP

exports[`We can check if render in rateDetail it works properly 1`] = `
<div>
  <h1>
    Loading...
  </h1>
</div>
`;
