// Jest Snapshot v1, https://goo.gl/fbAQLP

exports[`We can check if SignIn component called the class constructor 1`] = `
ShallowWrapper {
  Symbol(enzyme.__root__): [Circular],
  Symbol(enzyme.__unrendered__): <SignIn />,
  Symbol(enzyme.__renderer__): Object {
    "batchedUpdates": [Function],
    "checkPropTypes": [Function],
    "getNode": [Function],
    "render": [Function],
    "simulateError": [Function],
    "simulateEvent": [Function],
    "unmount": [Function],
  },
  Symbol(enzyme.__node__): Object {
    "instance": null,
    "key": undefined,
    "nodeType": "host",
    "props": Object {
      "children": Array [
        <div
          className="center"
        >
          <div
            className="tab"
          >
            <button
              className="tablinks"
              id="loginButton"
              onClick={[Function]}
            >
              Login
            </button>
            <button
              className="tablinks"
              id="registerButton"
              onClick={[Function]}
            >
              Register
            </button>
          </div>
        </div>,
        <Login />,
      ],
      "className": "login",
    },
    "ref": null,
    "rendered": Array [
      Object {
        "instance": null,
        "key": undefined,
        "nodeType": "host",
        "props": Object {
          "children": <div
            className="tab"
          >
            <button
              className="tablinks"
              id="loginButton"
              onClick={[Function]}
            >
              Login
            </button>
            <button
              className="tablinks"
              id="registerButton"
              onClick={[Function]}
            >
              Register
            </button>
          </div>,
          "className": "center",
        },
        "ref": null,
        "rendered": Object {
          "instance": null,
          "key": undefined,
          "nodeType": "host",
          "props": Object {
            "children": Array [
              <button
                className="tablinks"
                id="loginButton"
                onClick={[Function]}
              >
                Login
              </button>,
              <button
                className="tablinks"
                id="registerButton"
                onClick={[Function]}
              >
                Register
              </button>,
            ],
            "className": "tab",
          },
          "ref": null,
          "rendered": Array [
            Object {
              "instance": null,
              "key": undefined,
              "nodeType": "host",
              "props": Object {
                "children": "Login",
                "className": "tablinks",
                "id": "loginButton",
                "onClick": [Function],
              },
              "ref": null,
              "rendered": "Login",
              "type": "button",
            },
            Object {
              "instance": null,
              "key": undefined,
              "nodeType": "host",
              "props": Object {
                "children": "Register",
                "className": "tablinks",
                "id": "registerButton",
                "onClick": [Function],
              },
              "ref": null,
              "rendered": "Register",
              "type": "button",
            },
          ],
          "type": "div",
        },
        "type": "div",
      },
      Object {
        "instance": null,
        "key": undefined,
        "nodeType": "class",
        "props": Object {},
        "ref": null,
        "rendered": null,
        "type": [Function],
      },
    ],
    "type": "div",
  },
  Symbol(enzyme.__nodes__): Array [
    Object {
      "instance": null,
      "key": undefined,
      "nodeType": "host",
      "props": Object {
        "children": Array [
          <div
            className="center"
          >
            <div
              className="tab"
            >
              <button
                className="tablinks"
                id="loginButton"
                onClick={[Function]}
              >
                Login
              </button>
              <button
                className="tablinks"
                id="registerButton"
                onClick={[Function]}
              >
                Register
              </button>
            </div>
          </div>,
          <Login />,
        ],
        "className": "login",
      },
      "ref": null,
      "rendered": Array [
        Object {
          "instance": null,
          "key": undefined,
          "nodeType": "host",
          "props": Object {
            "children": <div
              className="tab"
            >
              <button
                className="tablinks"
                id="loginButton"
                onClick={[Function]}
              >
                Login
              </button>
              <button
                className="tablinks"
                id="registerButton"
                onClick={[Function]}
              >
                Register
              </button>
            </div>,
            "className": "center",
          },
          "ref": null,
          "rendered": Object {
            "instance": null,
            "key": undefined,
            "nodeType": "host",
            "props": Object {
              "children": Array [
                <button
                  className="tablinks"
                  id="loginButton"
                  onClick={[Function]}
                >
                  Login
                </button>,
                <button
                  className="tablinks"
                  id="registerButton"
                  onClick={[Function]}
                >
                  Register
                </button>,
              ],
              "className": "tab",
            },
            "ref": null,
            "rendered": Array [
              Object {
                "instance": null,
                "key": undefined,
                "nodeType": "host",
                "props": Object {
                  "children": "Login",
                  "className": "tablinks",
                  "id": "loginButton",
                  "onClick": [Function],
                },
                "ref": null,
                "rendered": "Login",
                "type": "button",
              },
              Object {
                "instance": null,
                "key": undefined,
                "nodeType": "host",
                "props": Object {
                  "children": "Register",
                  "className": "tablinks",
                  "id": "registerButton",
                  "onClick": [Function],
                },
                "ref": null,
                "rendered": "Register",
                "type": "button",
              },
            ],
            "type": "div",
          },
          "type": "div",
        },
        Object {
          "instance": null,
          "key": undefined,
          "nodeType": "class",
          "props": Object {},
          "ref": null,
          "rendered": null,
          "type": [Function],
        },
      ],
      "type": "div",
    },
  ],
  Symbol(enzyme.__options__): Object {
    "adapter": ReactSixteenAdapter {
      "options": Object {
        "enableComponentDidUpdateOnSetState": true,
        "legacyContextMode": "parent",
        "lifecycles": Object {
          "componentDidUpdate": Object {
            "onSetState": true,
          },
          "getChildContext": Object {
            "calledByRenderer": false,
          },
          "getDerivedStateFromProps": true,
          "getSnapshotBeforeUpdate": true,
          "setState": Object {
            "skipsComponentDidUpdateOnNullish": true,
          },
        },
      },
    },
  },
}
`;
